                               +--------------+
----------------------------- { Script And Files }  ---------------------------------
                               +--------------+

	Script Log File : /home/paxterra/Documents/AptanaWorkspace/OFAutomation//logs//MininetTest_30_Nov_2012_20_24_53/MininetTest_30_Nov_2012_20_24_53.log
	Test Script :/home/paxterra/Documents/AptanaWorkspace/OFAutomation/Tests/MininetTest.py
	Test Params : /home/paxterra/Documents/AptanaWorkspace/OFAutomation/Tests/MininetTest.params
	Topology : /home/paxterra/Documents/AptanaWorkspace/OFAutomation/Tests/MininetTest.tpl
                             +----------------------+
----------------------------- { Script Exec Params }  -------------------------
                             +----------------------+

	
	'CASE1': 
	'destination': 'h2'
	 'STEP1': 
	'host': 'h2'
	
	
	 'mail': 'anilkumar.s@paxterrasolutions.com
	anil4haart@gmail.com'
	 'testcases': '1
	2'
	 'log_dir': '/home/user/Desktop/openflow_logs/'
	

                             +-----------------+
----------------------------- { Components Used }  ---------------------------------
                             +-----------------+
	POX2
	Mininet1


                             +--------------+
----------------------------- { Topology }  ---------------------------------
                             +--------------+

	
	'POX2': 
	'host': '192.168.56.101'
	 'password': 'openflow'
	 'type': 'POX'
	 'user': 'openflow'
	 'OPTIONS': 
	'component': 'samples.of_tutorial'
	 'log_level': 'DEBUG'
	
	
	 'Mininet1': 
	'host': '192.168.56.101'
	 'password': 'openflow'
	 'type': 'Mininet'
	 'user': 'openflow'
	 'OPTIONS': 
	'topo': 'single'
	 'topocount': '3'
	 'switch': 'ovsk'
	 'controller': 'remote'
	
	
	
------------------------------------------------------------------------------------------------------------------

************************************
 CASE INIT 
*************************************

*****************************
 Result summary for Testcase1
*****************************

**********************************
 Result: Pass 
***********************************

*****************************
 Result summary for Testcase2
*****************************

**********************************
 Result: Pass 
***********************************


 ******************************
	Test Execution Summary

 ******************************

 Test Start           : 30 Nov 2012 20:24:53
 Test End             : 30 Nov 2012 20:25:04
 Execution Time       : 0:00:11.341385
 Total tests planned  : 2
 Total tests RUN      : 2
 Total Pass           : 2
 Total Fail           : 0
 Total No Result      : 0
 Success Percentage   : 100%
 Execution Result     : 100%