                               +--------------+
----------------------------- { Script And Files }  ---------------------------------
                               +--------------+

	Script Log File : /home/paxterra/Documents/AptanaWorkspace/OpenFlowAutomation/logs//Topology_19_Nov_2012_13_06_59/Topology_19_Nov_2012_13_06_59.log
	Test Script :/home/paxterra/Documents/AptanaWorkspace/OpenFlowAutomationTests/Topology.py
	Test Params : /home/paxterra/Documents/AptanaWorkspace/OpenFlowAutomationTests/Topology.params
	Topology : /home/paxterra/Documents/AptanaWorkspace/OpenFlowAutomationTests/Topology.tpl
                             +----------------------+
----------------------------- { Script Exec Params }  -------------------------
                             +----------------------+

	
	'CASE1': 
	'destination': 'h2'
	
	 'mail': 'paxweb@paxterrasolutions.com'
	 'testcases': '[1]'
	 'log_dir': '/home/user/Desktop/openflow_logs/'
	

                             +-----------------+
----------------------------- { Components Used }  ---------------------------------
                             +-----------------+
	POX2
	Mininet1


                             +--------------+
----------------------------- { Topology }  ---------------------------------
                             +--------------+

	
	'POX2': 
	'host': '192.168.56.101'
	 'password': 'openflow'
	 'type': 'POX'
	 'user': 'openflow'
	 'OPTIONS': 
	'component': 'samples.of_tutorial'
	 'log_level': 'DEBUG'
	
	
	 'Mininet1': 
	'host': '192.168.56.101'
	 'password': 'openflow'
	 'type': 'Mininet'
	 'user': 'openflow'
	 'OPTIONS': 
	'topo': 'single'
	 'topocount': '3'
	 'switch': 'ovsk'
	 'controller': 'remote'
	
	
	
------------------------------------------------------------------------------------------------------------------

************************************
 CASE INIT 
*************************************

*****************************
 Result summary for Testcase1
*****************************

[REPORT] [19 Nov 2012 13:07:03] Host h2 IP address didn't configured
**********************************
 Result: Failed 
**********************************


 ******************************
	Test Execution Summary

 ******************************

 Test Start           : 19 Nov 2012 13:06:59
 Test End             : 19 Nov 2012 13:07:03
 Execution Time       : 0:00:04.182888
 Total tests planned  : 1
 Total tests RUN      : 1
 Total Pass           : 0
 Total Fail           : 1
 Total No Result      : 0
 Success Percentage   : 0%
 Execution Result     : 100%