                               +--------------+
----------------------------- { Script And Files }  ---------------------------------
                               +--------------+

	Script Log File : /home/paxterra/Documents/AptanaWorkspace/OpenFlowAutomation/logs//CaseParams_18_Nov_2012_18_50_31/CaseParams_18_Nov_2012_18_50_31.log
	Test Script :/home/paxterra/Documents/AptanaWorkspace/OpenFlowAutomationTests/CaseParams.py
	Test Params : /home/paxterra/Documents/AptanaWorkspace/OpenFlowAutomationTests/CaseParams.params
	Topology : /home/paxterra/Documents/AptanaWorkspace/OpenFlowAutomationTests/CaseParams.tpl
                             +----------------------+
----------------------------- { Script Exec Params }  -------------------------
                             +----------------------+

	
	'CASE1': 
	'destination': 'h2'
	
	 'mail': 'paxweb@paxterrasolutions.com'
	 'testcases': '[1
	2]'
	 'CASE2': 
	'destination': 'h3'
	
	 'log_dir': '/home/user/Desktop/openflow_logs/'
	

                             +-----------------+
----------------------------- { Components Used }  ---------------------------------
                             +-----------------+
	POX2
	Mininet1


                             +--------------+
----------------------------- { Topology }  ---------------------------------
                             +--------------+

	
	'POX2': 
	'host': '192.168.56.101'
	 'password': 'openflow'
	 'type': 'POX'
	 'user': 'openflow'
	 'OPTIONS': 
	'component': 'samples.of_tutorial'
	 'log_level': 'DEBUG'
	
	
	 'Mininet1': 
	'host': '192.168.56.101'
	 'password': 'openflow'
	 'type': 'Mininet'
	 'user': 'openflow'
	 'OPTIONS': 
	'topo': 'single'
	 'topocount': '3'
	 'switch': 'ovsk'
	 'controller': 'remote'
	
	
	
------------------------------------------------------------------------------------------------------------------

************************************
 CASE INIT 
*************************************

*****************************
 Result summary for Testcase1
*****************************

**********************************
 Result: Pass 
***********************************

*****************************
 Result summary for Testcase2
*****************************

**********************************
 Result: Pass 
***********************************


 ******************************
	Test Execution Summary

 ******************************

 Test Start           : 18 Nov 2012 18:50:31
 Test End             : 18 Nov 2012 18:50:39
 Execution Time       : 0:00:07.595509
 Total tests planned  : 2
 Total tests RUN      : 2
 Total Pass           : 2
 Total Fail           : 0
 Total No Result      : 0
 Success Percentage   : 100%
 Execution Result     : 100%