                               +--------------+
----------------------------- { Script And Files }  ---------------------------------
                               +--------------+

	Script Log File : /home/paxterra/Documents/AptanaWorkspace/OFAutomation//logs//MininetTest_23_Nov_2012_16_29_55/MininetTest_23_Nov_2012_16_29_55.log
	Test Script :/home/paxterra/Documents/AptanaWorkspace/OFAutomation/Tests/MininetTest.py
	Test Params : /home/paxterra/Documents/AptanaWorkspace/OFAutomation/Tests/MininetTest.params
	Topology : /home/paxterra/Documents/AptanaWorkspace/OFAutomation/Tests/MininetTest.tpl
                             +----------------------+
----------------------------- { Script Exec Params }  -------------------------
                             +----------------------+

	
	'CASE1': 
	'destination': 'h2'
	 'STEP1': 
	'host': 'h2'
	
	
	 'mail': 'paxweb@paxterrasolutions.com'
	 'testcases': '[1
	2]'
	 'log_dir': '/home/user/Desktop/openflow_logs/'
	

                             +-----------------+
----------------------------- { Components Used }  ---------------------------------
                             +-----------------+
	POX2
	Mininet1


                             +--------------+
----------------------------- { Topology }  ---------------------------------
                             +--------------+

	
	'POX2': 
	'host': '192.168.56.101'
	 'password': 'openflow'
	 'type': 'POX'
	 'user': 'openflow'
	 'OPTIONS': 
	'component': 'samples.of_tutorial'
	 'log_level': 'DEBUG'
	
	
	 'Mininet1': 
	'host': '192.168.56.101'
	 'password': 'openflow'
	 'type': 'Mininet'
	 'user': 'openflow'
	 'OPTIONS': 
	'topo': 'single'
	 'topocount': '3'
	 'switch': 'ovsk'
	 'controller': 'remote'
	
	
	
------------------------------------------------------------------------------------------------------------------

************************************
 CASE INIT 
*************************************

*****************************
 Result summary for Testcase1
*****************************

[REPORT] [23 Nov 2012 16:29:58] Host h2 IP address didn't configured
**********************************
 Result: Failed 
**********************************

*****************************
 Result summary for Testcase2
*****************************

[REPORT] [23 Nov 2012 16:29:58] Hosts are not reachable
**********************************
 Result: Failed 
**********************************


 ******************************
	Test Execution Summary

 ******************************

 Test Start           : 23 Nov 2012 16:29:55
 Test End             : 23 Nov 2012 16:29:58
 Execution Time       : 0:00:02.821534
 Total tests planned  : 2
 Total tests RUN      : 2
 Total Pass           : 0
 Total Fail           : 2
 Total No Result      : 0
 Success Percentage   : 0%
 Execution Result     : 100%