                               +--------------+
----------------------------- { Script And Files }  ---------------------------------
                               +--------------+

	Script Log File : /home/paxterra/Documents/AptanaWorkspace/OFAutomation//logs//MininetTest_02_Dec_2012_13_02_10/MininetTest_02_Dec_2012_13_02_10.log
	Test Script :/home/paxterra/Documents/AptanaWorkspace/OFAutomation/Tests/MininetTest.py
	Test Params : /home/paxterra/Documents/AptanaWorkspace/OFAutomation/Tests/MininetTest.params
	Topology : /home/paxterra/Documents/AptanaWorkspace/OFAutomation/Tests/MininetTest.tpl
                             +----------------------+
----------------------------- { Script Exec Params }  -------------------------
                             +----------------------+

	
	'CASE1': 
	'destination': 'h2'
	 'STEP1': 
	'host': 'h2'
	
	
	 'mail': 'anil4haart@gmail.com'
	 'testcases': '1
	2'
	

                             +-----------------+
----------------------------- { Components Used }  ---------------------------------
                             +-----------------+
	POX2
	Mininet1


                             +--------------+
----------------------------- { Topology }  ---------------------------------
                             +--------------+

	
	'POX2': 
	'no-cli': '1'
	 'host': '192.168.56.101'
	 'user': 'openflow'
	 'COMPONENTS': 
	'samples.of_tutorial': 
	
	
	 'pox_lib_location': 'default'
	
	 'password': 'openflow'
	 'type': 'POX'
	 'location': 'default'
	
	 'Mininet1': 
	'host': '192.168.56.101'
	 'password': 'openflow'
	 'type': 'Mininet'
	 'user': 'openflow'
	 'COMPONENTS': 
	'topo': 'single'
	 'topocount': '3'
	 'switch': 'ovsk'
	 'controller': 'remote'
	
	
	
------------------------------------------------------------------------------------------------------------------

************************************
 CASE INIT 
*************************************

[REPORT] [02 Dec 2012 13:02:19] not asking for Password
*****************************
 Result summary for Testcase1
*****************************

**********************************
 Result: Pass 
***********************************

*****************************
 Result summary for Testcase2
*****************************

**********************************
 Result: Pass 
***********************************


 ******************************
	Test Execution Summary

 ******************************

 Test Start           : 02 Dec 2012 13:02:10
 Test End             : 02 Dec 2012 13:02:20
 Execution Time       : 0:00:10.238422
 Total tests planned  : 2
 Total tests RUN      : 2
 Total Pass           : 2
 Total Fail           : 0
 Total No Result      : 0
 Success Percentage   : 100%
 Execution Result     : 100%